// Jest Snapshot v1, https://goo.gl/fbAQLP

exports[`Button should render 1`] = `
<div>
  <button
    role="button"
  />
</div>
`;
